
🌐 测试目标: http://localhost:80
💻 本地测试模式

========================================
服务模式配置
  MYSQL_ADDRESS: (未设置)
  当前模式: local
  isLocalMode: true
========================================
使用本地数据库实现（JSON文件）
========================================
易方顺诊所助手 - 全面API测试
========================================

📋 1. 测试登录相关API

🧪 测试: 创建测试用户
  普通用户: user_4zju2kb3789
  管理员: user_wku1d8cwi79
  超级管理员: user_ii5gse8be1
✅ 通过

🧪 测试: POST /api/bind-user-info - 绑定用户信息
❌ 失败: 

🧪 测试: POST /api/bind-phone - 绑定手机号
❌ 失败: 

🧪 测试: POST /api/check-admin - 普通用户检查
❌ 失败: 

🧪 测试: POST /api/check-admin - 管理员检查
❌ 失败: 

🧪 测试: POST /api/check-admin - 超级管理员检查
❌ 失败: 

📊 登录测试结果
  总测试数: 6
  通过: 1 ✅
  失败: 5 ❌

📋 首页登录测试
==================================================

🧪 测试：POST /api/home-login - 默认超级管理员登录
❌ 失败：AggregateError
   堆栈：    at internalConnectMultiple (node:net:1142:49)

🧪 测试：POST /api/home-login - 未注册手机号
❌ 失败：AggregateError
   堆栈：    at internalConnectMultiple (node:net:1142:49)

🧪 测试：POST /api/home-login - 缺少手机号参数
❌ 失败：AggregateError
   堆栈：    at internalConnectMultiple (node:net:1142:49)

🧪 测试：GET /api/prescription/list - 默认超管访问
❌ 失败：AggregateError
   堆栈：    at internalConnectMultiple (node:net:1142:49)

🧪 测试：POST /api/user/set-role - 默认超管设置角色
❌ 失败：AggregateError
   堆栈：    at internalConnectMultiple (node:net:1142:49)

🧪 测试：POST /api/home-login - 普通用户禁止登录
❌ 失败：AggregateError
   堆栈：    at internalConnectMultiple (node:net:1142:49)

==================================================
📊 首页登录测试结果
==================================================
总测试数：6
通过：0 ✅
失败：6 ❌
==================================================

📋 2. 测试预约管理API

🧪 测试: GET /api/available-slots - 获取可预约日期
❌ 失败: 

🧪 测试: GET /api/available-slots - 业务规则验证（周二不可预约）
❌ 失败: 

🧪 测试: POST /api/booking - 创建预约
❌ 失败: 

🧪 测试: POST /api/booking - 业务规则验证（不支持当日预约）
❌ 失败: 

🧪 测试: POST /api/booking - 业务规则验证（周二不可预约）
❌ 失败: 

🧪 测试: POST /api/booking - 业务规则验证（单用户限制）
⏭️  跳过

🧪 测试: GET /api/my-bookings - 获取我的预约
❌ 失败: 

🧪 测试: DELETE /api/booking/:id - 取消预约
⏭️  跳过

🧪 测试: GET /api/schedule/config - 获取场次配置（管理员权限）
❌ 失败: 

🧪 测试: POST /api/schedule/config/default - 设置默认场次配置（管理员权限）
❌ 失败: 

🧪 测试: POST /api/schedule/config/override - 设置临时调整（管理员权限）
❌ 失败: 

🧪 测试: [改造后] GET /api/available-slots - 按场次获取可预约信息
❌ 失败: 

🧪 测试: [改造后] POST /api/booking - 按场次创建预约
❌ 失败: 

🧪 测试: [改造后] GET /api/my-bookings - 获取包含场次信息的预约
❌ 失败: 

📊 预约测试结果
  总测试数: 14
  通过: 0 ✅
  失败: 12 ❌
  跳过: 2 ⏭️

📋 3. 测试处方识别API（双键查询模式）

🧪 测试: POST /api/prescription/save - 普通用户保存处方（待审核）
❌ 失败: 

🧪 测试: POST /api/prescription/save - 管理员保存处方（已审核）
❌ 失败: 

🧪 测试: POST /api/prescription/save - 业务规则验证（普通用户重复上传）
⏭️  跳过

🧪 测试: POST /api/prescription/save - 业务规则验证（缺少处方ID）
❌ 失败: 

🧪 测试: GET /api/prescription/user-history - 获取用户处方历史
❌ 失败: 

🧪 测试: GET /api/prescription/list - 获取所有处方列表（管理员）
❌ 失败: 

🧪 测试: POST /api/prescription/update - 更新处方（双键查询）
⏭️  跳过

🧪 测试: DELETE /api/prescription/:prescriptionId/:status - 删除处方（双键URL）
❌ 失败: 

🧪 测试: POST /api/prescription/review - 审核拒绝处方（双键查询）
❌ 失败: 

🧪 测试: POST /api/prescription/review - 审核通过处方（双键查询）
❌ 失败: 

🧪 测试: POST /api/prescription/confirm-approve - 确认审核通过（双键查询）
❌ 失败: 

🧪 测试: 唯一性验证 - 相同 prescriptionId + status 不能重复创建
❌ 失败: 

🧪 测试: DELETE /api/prescription/:prescriptionId/:status - 批量删除处方
❌ 失败: 

📊 处方测试结果
  总测试数: 13
  通过: 0 ✅
  失败: 11 ❌

📋 4. 测试AI咨询API

🧪 测试: POST /api/chat - 发送消息
❌ 失败: 

📊 AI咨询测试结果
  总测试数: 1
  通过: 0 ✅
  失败: 1 ❌

📋 5. 测试系统接口

🧪 测试: GET /health - 健康检查
❌ 失败: 

🧪 测试: POST /api/log - 接收前端日志
❌ 失败: 

🧪 测试: GET /api/home/users - 获取首页用户列表
❌ 失败: 

📊 系统测试结果
  总测试数: 3
  通过: 0 ✅
  失败: 3 ❌

📋 6. 测试权限控制

🧪 测试: GET /api/prescription/list - 普通用户访问应返回403
❌ 失败: 

🧪 测试: GET /api/prescription/list - 管理员访问应返回200
❌ 失败: 

🧪 测试: GET /api/prescription/list - 超级管理员访问应返回200
❌ 失败: 

🧪 测试: GET /api/prescription/list - 未登录访问应返回401
❌ 失败: 

🧪 测试: POST /api/prescription/update - 普通用户访问应返回403
❌ 失败: 

🧪 测试: POST /api/prescription/update - 管理员访问应能修改处方
❌ 失败: 

🧪 测试: POST /api/prescription/update - 超级管理员访问应能修改处方
❌ 失败: 

🧪 测试: POST /api/prescription/update - 未登录访问应返回401
❌ 失败: 

🧪 测试: POST /api/user/set-role - 普通用户访问应返回403
❌ 失败: 

🧪 测试: POST /api/user/set-role - 管理员访问应返回403
❌ 失败: 

🧪 测试: POST /api/user/set-role - 超级管理员访问应能设置角色
❌ 失败: 

🧪 测试: POST /api/user/set-role - 主页请求应能设置角色
❌ 失败: 

🧪 测试: POST /api/user/set-role - 未登录访问应返回401
❌ 失败: 

📊 权限测试结果
  总测试数: 13
  通过: 0 ✅
  失败: 13 ❌

👤 测试用户管理扩展 API
=====================================

🧪 测试: PUT /api/user/:openid - 更新用户姓名
❌ 失败: 

🧪 测试: PUT /api/user/:openid - 更新用户手机号
❌ 失败: 

🧪 测试: PUT /api/user/:openid - 同时更新姓名和手机号
❌ 失败: 

🧪 测试: PUT /api/user/:openid - 验证更新结果
❌ 失败: 

🧪 测试: PUT /api/user/:openid - 普通用户无权访问
❌ 失败: 

🧪 测试: PUT /api/user/:openid - 管理员无权访问（仅超管）
❌ 失败: 

🧪 测试: PUT /api/user/:openid - 用户不存在应返回错误
❌ 失败: 

🧪 测试: PUT /api/user/:openid - 手机号格式校验
❌ 失败: 

📊 用户管理测试结果
=====================================
总测试数: 8
通过: 0 ✅
失败: 8 ❌
跳过: 0 ⏭️

失败的测试:
  - PUT /api/user/:openid - 更新用户姓名: 
  - PUT /api/user/:openid - 更新用户手机号: 
  - PUT /api/user/:openid - 同时更新姓名和手机号: 
  - PUT /api/user/:openid - 验证更新结果: 
  - PUT /api/user/:openid - 普通用户无权访问: 
  - PUT /api/user/:openid - 管理员无权访问（仅超管）: 
  - PUT /api/user/:openid - 用户不存在应返回错误: 
  - PUT /api/user/:openid - 手机号格式校验: 

🗄️ 测试数据库管理扩展 API
=====================================

🧪 测试: POST /api/admin/table/:name - 新增记录
❌ 失败: 

🧪 测试: POST /api/admin/table/:name - 验证新增记录存在
  testRecordId 未设置，跳过验证
⏭️  跳过

🧪 测试: PUT /api/admin/table/:name/:id - 更新记录
  testRecordId 未设置，跳过更新测试
⏭️  跳过

🧪 测试: PUT /api/admin/table/:name/:id - 验证更新结果
⏭️  跳过

🧪 测试: PUT /api/admin/table/:name/:id - openid 不可修改
⏭️  跳过

🧪 测试: PUT /api/admin/table/:name/:id - createdAt 不可修改
⏭️  跳过

🧪 测试: GET /api/admin/table/:name - 分页参数验证
❌ 失败: 

🧪 测试: GET /api/admin/table/:name - 不存在的表返回错误
❌ 失败: 

🧪 测试: DELETE /api/admin/table/:name/:id - 删除记录
⏭️  跳过

🧪 测试: DELETE /api/admin/table/:name/:id - 验证记录已删除
⏭️  跳过

🧪 测试: DELETE /api/admin/table/:name/:id - 删除不存在的记录
❌ 失败: 

🧪 测试: POST /api/admin/table/:name - 普通用户无权访问
❌ 失败: 

🧪 测试: PUT /api/admin/table/:name/:id - 管理员无权访问（仅超管）
❌ 失败: 

📊 数据库管理测试结果
=====================================
总测试数: 13
通过: 0 ✅
失败: 6 ❌
跳过: 7 ⏭️

失败的测试:
  - POST /api/admin/table/:name - 新增记录: 
  - GET /api/admin/table/:name - 分页参数验证: 
  - GET /api/admin/table/:name - 不存在的表返回错误: 
  - DELETE /api/admin/table/:name/:id - 删除不存在的记录: 
  - POST /api/admin/table/:name - 普通用户无权访问: 
  - PUT /api/admin/table/:name/:id - 管理员无权访问（仅超管）: 

📦 测试库存管理系统 API
=====================================

--- 药材基础信息管理 ---

🧪 测试: GET /api/stock/herbs - 获取药材列表
❌ 失败: 

🧪 测试: POST /api/stock/herbs - 创建药材
❌ 失败: 

🧪 测试: POST /api/stock/herbs - 重复创建应失败
❌ 失败: 

🧪 测试: PUT /api/stock/herbs/:id - 更新药材信息
⏭️  跳过

--- 入库管理 ---

🧪 测试: GET /api/stock/in/orders - 获取入库单列表
❌ 失败: 

🧪 测试: POST /api/stock/in/orders - 创建入库单（草稿）
❌ 失败: 

🧪 测试: GET /api/stock/in/orders/:id - 获取入库单详情
⏭️  跳过

🧪 测试: PUT /api/stock/in/orders/:id - 更新入库单
⏭️  跳过

🧪 测试: POST /api/stock/in/orders/:id/confirm - 确认入库单
⏭️  跳过

🧪 测试: POST /api/stock/in/orders/:id/stock - 执行入库
⏭️  跳过

🧪 测试: DELETE /api/stock/in/orders/:id - 已入库单不可删除
⏭️  跳过

--- 库存统计 ---

🧪 测试: GET /api/stock/inventory - 获取库存列表
❌ 失败: 

🧪 测试: GET /api/stock/inventory - 验证入库后库存增加
❌ 失败: 

🧪 测试: PUT /api/stock/inventory/:herbName/min-value - 设置最低库存阈值
❌ 失败: 

🧪 测试: GET /api/stock/inventory/alert - 获取库存预警
❌ 失败: 

--- 出库管理 ---

🧪 测试: GET /api/stock/out/orders - 获取出库单列表
❌ 失败: 

🧪 测试: POST /api/stock/out/orders - 创建执药单
❌ 失败: 

🧪 测试: POST /api/stock/out/orders - 处方ID重复应失败
❌ 失败: 

🧪 测试: POST /api/stock/out/orders/:id/settle - 结算执药单
⏭️  跳过

🧪 测试: GET /api/stock/inventory - 验证出库后库存减少
❌ 失败: 

--- 入库单状态回滚 ---

🧪 测试: POST /api/stock/in/orders - 创建入库单用于回滚测试
❌ 失败: 

🧪 测试: POST /api/stock/in/orders/:id/confirm - 确认入库单
⏭️  跳过

🧪 测试: POST /api/stock/in/orders/:id/stock - 执行入库
⏭️  跳过

🧪 测试: GET /api/stock/inventory - 验证入库后库存增加
❌ 失败: 

🧪 测试: PUT /api/admin/table/stock_in_orders/:id - 已入库单变为草稿状态应回滚库存
⏭️  跳过

🧪 测试: GET /api/stock/inventory - 验证状态回滚后库存减少
❌ 失败: 

--- 执药单状态变化 ---

🧪 测试: POST /api/stock/out/orders - 创建执药单用于状态测试
❌ 失败: 

🧪 测试: GET /api/stock/inventory - 创建执药单后库存不变
❌ 失败: 

🧪 测试: POST /api/stock/out/orders/:id/settle - 结算执药单
⏭️  跳过

🧪 测试: GET /api/stock/inventory - 验证已结算后库存扣减
❌ 失败: 

🧪 测试: POST /api/stock/out/orders/:id/revoke - 撤销已结算执药单
⏭️  跳过

🧪 测试: GET /api/stock/inventory - 验证状态回滚后库存恢复
❌ 失败: 

--- 多维度搜索 ---

🧪 测试: GET /api/admin/table/herbs - 按名称搜索
❌ 失败: 

🧪 测试: GET /api/admin/table/herbs - 按柜号搜索
❌ 失败: 

🧪 测试: GET /api/admin/table/stock_in_orders - 按供应商搜索
❌ 失败: 

🧪 测试: GET /api/admin/table/stock_out_orders - 按药师搜索
❌ 失败: 

🧪 测试: GET /api/admin/table/stock_out_orders - 按状态搜索
❌ 失败: 

🧪 测试: GET /api/admin/table/herbs - 空关键字返回所有数据
❌ 失败: 

--- 权限控制 ---

🧪 测试: GET /api/stock/inventory - 无权限用户访问应被拒绝
❌ 失败: 

🧪 测试: POST /api/stock/in/orders - 无权限用户创建应被拒绝
❌ 失败: 

📊 库存管理系统测试结果
=====================================
总测试数: 40
通过: 0 ✅
失败: 28 ❌
跳过: 12 ⏭️

失败的测试:
  - GET /api/stock/herbs - 获取药材列表: 
  - POST /api/stock/herbs - 创建药材: 
  - POST /api/stock/herbs - 重复创建应失败: 
  - GET /api/stock/in/orders - 获取入库单列表: 
  - POST /api/stock/in/orders - 创建入库单（草稿）: 
  - GET /api/stock/inventory - 获取库存列表: 
  - GET /api/stock/inventory - 验证入库后库存增加: 
  - PUT /api/stock/inventory/:herbName/min-value - 设置最低库存阈值: 
  - GET /api/stock/inventory/alert - 获取库存预警: 
  - GET /api/stock/out/orders - 获取出库单列表: 
  - POST /api/stock/out/orders - 创建执药单: 
  - POST /api/stock/out/orders - 处方ID重复应失败: 
  - GET /api/stock/inventory - 验证出库后库存减少: 
  - POST /api/stock/in/orders - 创建入库单用于回滚测试: 
  - GET /api/stock/inventory - 验证入库后库存增加: 
  - GET /api/stock/inventory - 验证状态回滚后库存减少: 
  - POST /api/stock/out/orders - 创建执药单用于状态测试: 
  - GET /api/stock/inventory - 创建执药单后库存不变: 
  - GET /api/stock/inventory - 验证已结算后库存扣减: 
  - GET /api/stock/inventory - 验证状态回滚后库存恢复: 
  - GET /api/admin/table/herbs - 按名称搜索: 
  - GET /api/admin/table/herbs - 按柜号搜索: 
  - GET /api/admin/table/stock_in_orders - 按供应商搜索: 
  - GET /api/admin/table/stock_out_orders - 按药师搜索: 
  - GET /api/admin/table/stock_out_orders - 按状态搜索: 
  - GET /api/admin/table/herbs - 空关键字返回所有数据: 
  - GET /api/stock/inventory - 无权限用户访问应被拒绝: 
  - POST /api/stock/in/orders - 无权限用户创建应被拒绝: 

========================================
清理测试数据
========================================
✅ 登录测试数据清理完成
✅ 预约测试数据清理完成
✅ AI咨询测试数据清理完成
✅ 系统测试数据清理完成
✅ 权限测试数据清理完成

🧹 清理用户管理测试数据...
⚠️  清理用户管理测试数据失败: 

🧹 清理数据库管理测试数据...
✅ 数据库管理测试数据清理完成

🧹 清理库存测试数据...
✅ 库存测试数据清理完成

========================================
测试结果汇总
========================================
总测试数: 117
通过: 1 ✅
失败: 93 ❌
跳过: NaN ⏭️

失败的测试:
  - POST /api/bind-user-info - 绑定用户信息: 
  - POST /api/bind-phone - 绑定手机号: 
  - POST /api/check-admin - 普通用户检查: 
  - POST /api/check-admin - 管理员检查: 
  - POST /api/check-admin - 超级管理员检查: 
  - POST /api/home-login - 默认超级管理员登录: AggregateError
  - POST /api/home-login - 未注册手机号: AggregateError
  - POST /api/home-login - 缺少手机号参数: AggregateError
  - GET /api/prescription/list - 默认超管访问: AggregateError
  - POST /api/user/set-role - 默认超管设置角色: AggregateError
  - POST /api/home-login - 普通用户禁止登录: AggregateError
  - GET /api/available-slots - 获取可预约日期: 
  - GET /api/available-slots - 业务规则验证（周二不可预约）: 
  - POST /api/booking - 创建预约: 
  - POST /api/booking - 业务规则验证（不支持当日预约）: 
  - POST /api/booking - 业务规则验证（周二不可预约）: 
  - GET /api/my-bookings - 获取我的预约: 
  - GET /api/schedule/config - 获取场次配置（管理员权限）: 
  - POST /api/schedule/config/default - 设置默认场次配置（管理员权限）: 
  - POST /api/schedule/config/override - 设置临时调整（管理员权限）: 
  - [改造后] GET /api/available-slots - 按场次获取可预约信息: 
  - [改造后] POST /api/booking - 按场次创建预约: 
  - [改造后] GET /api/my-bookings - 获取包含场次信息的预约: 
  - POST /api/prescription/save - 普通用户保存处方（待审核）: 
  - POST /api/prescription/save - 管理员保存处方（已审核）: 
  - POST /api/prescription/save - 业务规则验证（缺少处方ID）: 
  - GET /api/prescription/user-history - 获取用户处方历史: 
  - GET /api/prescription/list - 获取所有处方列表（管理员）: 
  - DELETE /api/prescription/:prescriptionId/:status - 删除处方（双键URL）: 
  - POST /api/prescription/review - 审核拒绝处方（双键查询）: 
  - POST /api/prescription/review - 审核通过处方（双键查询）: 
  - POST /api/prescription/confirm-approve - 确认审核通过（双键查询）: 
  - 唯一性验证 - 相同 prescriptionId + status 不能重复创建: 
  - DELETE /api/prescription/:prescriptionId/:status - 批量删除处方: 
  - POST /api/chat - 发送消息: 
  - GET /health - 健康检查: 
  - POST /api/log - 接收前端日志: 
  - GET /api/home/users - 获取首页用户列表: 
  - GET /api/prescription/list - 普通用户访问应返回403: 
  - GET /api/prescription/list - 管理员访问应返回200: 
  - GET /api/prescription/list - 超级管理员访问应返回200: 
  - GET /api/prescription/list - 未登录访问应返回401: 
  - POST /api/prescription/update - 普通用户访问应返回403: 
  - POST /api/prescription/update - 管理员访问应能修改处方: 
  - POST /api/prescription/update - 超级管理员访问应能修改处方: 
  - POST /api/prescription/update - 未登录访问应返回401: 
  - POST /api/user/set-role - 普通用户访问应返回403: 
  - POST /api/user/set-role - 管理员访问应返回403: 
  - POST /api/user/set-role - 超级管理员访问应能设置角色: 
  - POST /api/user/set-role - 主页请求应能设置角色: 
  - POST /api/user/set-role - 未登录访问应返回401: 
  - PUT /api/user/:openid - 更新用户姓名: 
  - PUT /api/user/:openid - 更新用户手机号: 
  - PUT /api/user/:openid - 同时更新姓名和手机号: 
  - PUT /api/user/:openid - 验证更新结果: 
  - PUT /api/user/:openid - 普通用户无权访问: 
  - PUT /api/user/:openid - 管理员无权访问（仅超管）: 
  - PUT /api/user/:openid - 用户不存在应返回错误: 
  - PUT /api/user/:openid - 手机号格式校验: 
  - POST /api/admin/table/:name - 新增记录: 
  - GET /api/admin/table/:name - 分页参数验证: 
  - GET /api/admin/table/:name - 不存在的表返回错误: 
  - DELETE /api/admin/table/:name/:id - 删除不存在的记录: 
  - POST /api/admin/table/:name - 普通用户无权访问: 
  - PUT /api/admin/table/:name/:id - 管理员无权访问（仅超管）: 
  - GET /api/stock/herbs - 获取药材列表: 
  - POST /api/stock/herbs - 创建药材: 
  - POST /api/stock/herbs - 重复创建应失败: 
  - GET /api/stock/in/orders - 获取入库单列表: 
  - POST /api/stock/in/orders - 创建入库单（草稿）: 
  - GET /api/stock/inventory - 获取库存列表: 
  - GET /api/stock/inventory - 验证入库后库存增加: 
  - PUT /api/stock/inventory/:herbName/min-value - 设置最低库存阈值: 
  - GET /api/stock/inventory/alert - 获取库存预警: 
  - GET /api/stock/out/orders - 获取出库单列表: 
  - POST /api/stock/out/orders - 创建执药单: 
  - POST /api/stock/out/orders - 处方ID重复应失败: 
  - GET /api/stock/inventory - 验证出库后库存减少: 
  - POST /api/stock/in/orders - 创建入库单用于回滚测试: 
  - GET /api/stock/inventory - 验证入库后库存增加: 
  - GET /api/stock/inventory - 验证状态回滚后库存减少: 
  - POST /api/stock/out/orders - 创建执药单用于状态测试: 
  - GET /api/stock/inventory - 创建执药单后库存不变: 
  - GET /api/stock/inventory - 验证已结算后库存扣减: 
  - GET /api/stock/inventory - 验证状态回滚后库存恢复: 
  - GET /api/admin/table/herbs - 按名称搜索: 
  - GET /api/admin/table/herbs - 按柜号搜索: 
  - GET /api/admin/table/stock_in_orders - 按供应商搜索: 
  - GET /api/admin/table/stock_out_orders - 按药师搜索: 
  - GET /api/admin/table/stock_out_orders - 按状态搜索: 
  - GET /api/admin/table/herbs - 空关键字返回所有数据: 
  - GET /api/stock/inventory - 无权限用户访问应被拒绝: 
  - POST /api/stock/in/orders - 无权限用户创建应被拒绝: 

测试通过率: 0.9%
========================================
