使用本地数据库实现（JSON文件）
========================================
开始运行API测试用例
========================================

🧪 测试: 创建测试用户
尝试设置角色: user_dqkyyy6w3xq -> admin
找到用户: {
  "openid": "user_dqkyyy6w3xq",
  "code": "test_admin_user_1773580941996",
  "name": "测试管理员",
  "phone": "13800138002",
  "isNewUser": false,
  "role": "user",
  "createdAt": "2026-03-15T13:22:21.998Z",
  "updatedAt": "2026-03-15T13:22:21.998Z"
}
准备更新: {
  "role": "admin",
  "updatedAt": "2026-03-15T13:22:21.999Z"
}
更新结果: [ 1 ]
更新后的用户: {
  "openid": "user_dqkyyy6w3xq",
  "code": "test_admin_user_1773580941996",
  "name": "测试管理员",
  "phone": "13800138002",
  "isNewUser": false,
  "role": "admin",
  "createdAt": "2026-03-15T13:22:21.998Z",
  "updatedAt": "2026-03-15T13:22:22.000Z"
}
尝试设置角色: user_qbjj089a9a -> super_admin
找到用户: {
  "openid": "user_qbjj089a9a",
  "code": "test_super_admin_1773580941996",
  "name": "测试超级管理员",
  "phone": "13800138003",
  "isNewUser": false,
  "role": "user",
  "createdAt": "2026-03-15T13:22:22.001Z",
  "updatedAt": "2026-03-15T13:22:22.001Z"
}
准备更新: {
  "role": "super_admin",
  "updatedAt": "2026-03-15T13:22:22.002Z"
}
更新结果: [ 1 ]
更新后的用户: {
  "openid": "user_qbjj089a9a",
  "code": "test_super_admin_1773580941996",
  "name": "测试超级管理员",
  "phone": "13800138003",
  "isNewUser": false,
  "role": "super_admin",
  "createdAt": "2026-03-15T13:22:22.001Z",
  "updatedAt": "2026-03-15T13:22:22.003Z"
}
测试用户创建完成:
  普通用户: user_2ji01q923tw
  管理员: user_dqkyyy6w3xq
  超级管理员: user_qbjj089a9a
✅ 通过

📋 用户登录和绑定测试

🧪 测试: 普通用户登录
✅ 通过

🧪 测试: 获取用户列表
✅ 通过

📋 处方上传测试

🧪 测试: 普通用户保存处方
✅ 通过

🧪 测试: 相同处方ID的待审核处方
✅ 通过

🧪 测试: 获取用户处方历史
✅ 通过

📋 处方审核测试

🧪 测试: 管理员上传处方
✅ 通过

🧪 测试: 获取待审核处方列表（权限测试）
✅ 通过

🧪 测试: 获取待审核处方列表（管理员）
✅ 通过

🧪 测试: 审核通过处方
准备审核处方: {
  "id": "ADMIN001_待审核",
  "prescriptionId": "ADMIN001",
  "openid": "user_dqkyyy6w3xq",
  "status": "待审核",
  "data": {
    "thumbnail": "admin_test.jpg",
    "prescriptionId": "ADMIN001",
    "name": "管理员测试",
    "age": "45",
    "date": "2026-03-15",
    "rp": "管理员Rp内容",
    "dosage": "3",
    "administrationMethod": "外用",
    "medicines": [
      {
        "name": "薄荷",
        "quantity": "10g",
        "note": "后下"
      }
    ],
    "doctor": "肖笃凯"
  },
  "thumbnail": "",
  "updatedAt": "2026-03-15T13:22:22.066Z"
}
准备发送的数据: {
  "id": "ADMIN001_待审核",
  "action": "approve"
}
审核结果: {
  "code": 0,
  "message": "审核成功"
}
✅ 通过

📋 角色管理测试

🧪 测试: 超级管理员设置管理员角色
调试 - 返回数据: {
  "code": 0,
  "message": "角色设置成功"
}
✅ 通过

🧪 测试: 普通用户设置角色权限测试
✅ 通过

📋 权限验证测试

🧪 测试: 用户删除自己的待审核处方
准备删除处方: {
  "id": "TEST001_待审核",
  "prescriptionId": "TEST001",
  "status": "待审核",
  "data": {
    "thumbnail": "test_thumbnail2.jpg",
    "prescriptionId": "TEST001",
    "name": "李四",
    "age": "40",
    "date": "2026-03-15",
    "rp": "Rp测试内容2",
    "dosage": "5",
    "administrationMethod": "内服",
    "medicines": [
      {
        "name": "人参",
        "quantity": "10g",
        "note": "另包"
      }
    ],
    "doctor": "肖笃凯"
  },
  "thumbnail": "",
  "updatedAt": "2026-03-15T13:22:22.061Z"
}
❌ 失败: HTTP 400: {"code":1,"message":"权限不足，只能删除自己的处方"}

🧪 测试: 用户不能删除已审核处方
✅ 通过

🧪 测试: 管理员更新处方ID
✅ 通过

🧪 测试: 普通用户更新处方ID权限测试
✅ 通过

========================================
测试结果汇总
========================================
总测试数: 16
通过: 15
失败: 1

失败的测试:
  - 用户删除自己的待审核处方: HTTP 400: {"code":1,"message":"权限不足，只能删除自己的处方"}
